mode: set
passwordmanager/cmd/client/ui/ui.go:128.45,202.2 33 1
passwordmanager/cmd/client/ui/ui.go:204.31,206.2 1 0
passwordmanager/cmd/client/ui/ui.go:208.57,209.27 1 1
passwordmanager/cmd/client/ui/ui.go:211.22,212.21 1 1
passwordmanager/cmd/client/ui/ui.go:212.21,215.4 2 1
passwordmanager/cmd/client/ui/ui.go:217.3,222.16 5 1
passwordmanager/cmd/client/ui/ui.go:224.25,225.21 1 1
passwordmanager/cmd/client/ui/ui.go:225.21,229.4 3 0
passwordmanager/cmd/client/ui/ui.go:231.3,241.16 10 1
passwordmanager/cmd/client/ui/ui.go:243.26,244.21 1 1
passwordmanager/cmd/client/ui/ui.go:244.21,247.4 2 1
passwordmanager/cmd/client/ui/ui.go:249.3,252.16 3 1
passwordmanager/cmd/client/ui/ui.go:254.26,255.21 1 1
passwordmanager/cmd/client/ui/ui.go:255.21,258.4 2 0
passwordmanager/cmd/client/ui/ui.go:260.3,266.16 6 1
passwordmanager/cmd/client/ui/ui.go:268.26,269.21 1 1
passwordmanager/cmd/client/ui/ui.go:269.21,273.4 3 0
passwordmanager/cmd/client/ui/ui.go:275.3,278.16 3 1
passwordmanager/cmd/client/ui/ui.go:280.28,281.21 1 1
passwordmanager/cmd/client/ui/ui.go:281.21,284.4 2 0
passwordmanager/cmd/client/ui/ui.go:286.3,289.36 3 1
passwordmanager/cmd/client/ui/ui.go:292.2,292.18 1 0
passwordmanager/cmd/client/ui/ui.go:294.18,295.28 1 0
passwordmanager/cmd/client/ui/ui.go:297.19,298.29 1 0
passwordmanager/cmd/client/ui/ui.go:300.22,301.32 1 0
passwordmanager/cmd/client/ui/ui.go:303.19,304.29 1 0
passwordmanager/cmd/client/ui/ui.go:306.23,307.33 1 0
passwordmanager/cmd/client/ui/ui.go:309.25,310.35 1 0
passwordmanager/cmd/client/ui/ui.go:312.23,313.33 1 0
passwordmanager/cmd/client/ui/ui.go:315.25,316.35 1 0
passwordmanager/cmd/client/ui/ui.go:319.2,319.15 1 0
passwordmanager/cmd/client/ui/ui.go:322.51,325.24 2 1
passwordmanager/cmd/client/ui/ui.go:326.31,327.59 1 1
passwordmanager/cmd/client/ui/ui.go:328.30,329.40 1 1
passwordmanager/cmd/client/ui/ui.go:330.32,331.42 1 0
passwordmanager/cmd/client/ui/ui.go:332.34,333.100 1 1
passwordmanager/cmd/client/ui/ui.go:336.2,338.15 2 1
passwordmanager/cmd/client/ui/ui.go:341.57,344.11 2 1
passwordmanager/cmd/client/ui/ui.go:345.31,346.47 1 1
passwordmanager/cmd/client/ui/ui.go:347.30,348.34 1 1
passwordmanager/cmd/client/ui/ui.go:349.32,350.42 1 1
passwordmanager/cmd/client/ui/ui.go:351.34,352.75 1 1
passwordmanager/cmd/client/ui/ui.go:355.2,357.15 2 1
passwordmanager/cmd/client/ui/ui.go:360.32,386.2 23 1
passwordmanager/cmd/client/ui/ui.go:388.45,391.24 2 1
passwordmanager/cmd/client/ui/ui.go:392.31,394.45 2 1
passwordmanager/cmd/client/ui/ui.go:395.30,396.37 1 1
passwordmanager/cmd/client/ui/ui.go:397.34,402.35 5 1
passwordmanager/cmd/client/ui/ui.go:405.2,405.13 1 1
passwordmanager/cmd/client/ui/ui.go:408.55,411.47 2 1
passwordmanager/cmd/client/ui/ui.go:411.47,413.17 2 1
passwordmanager/cmd/client/ui/ui.go:413.17,414.12 1 0
passwordmanager/cmd/client/ui/ui.go:417.3,419.16 3 1
passwordmanager/cmd/client/ui/ui.go:419.16,420.12 1 0
passwordmanager/cmd/client/ui/ui.go:423.3,424.22 2 1
passwordmanager/cmd/client/ui/ui.go:424.22,426.4 1 1
passwordmanager/cmd/client/ui/ui.go:428.3,428.22 1 1
passwordmanager/cmd/client/ui/ui.go:431.2,431.15 1 1
passwordmanager/cmd/client/ui/ui.go:434.50,435.18 1 1
passwordmanager/cmd/client/ui/ui.go:435.18,437.3 1 1
passwordmanager/cmd/client/ui/ui.go:439.2,440.20 2 1
passwordmanager/cmd/client/ui/ui.go:440.20,442.3 1 1
passwordmanager/cmd/client/ui/ui.go:443.2,446.25 3 1
passwordmanager/cmd/client/ui/ui.go:446.25,448.3 1 1
passwordmanager/cmd/client/ui/ui.go:450.2,450.34 1 1
passwordmanager/cmd/client/ui/ui.go:453.103,454.24 1 0
passwordmanager/cmd/client/ui/ui.go:454.24,456.17 2 0
passwordmanager/cmd/client/ui/ui.go:456.17,458.4 1 0
passwordmanager/cmd/client/ui/ui.go:460.3,471.40 3 0
passwordmanager/cmd/client/ui/ui.go:475.69,477.16 2 1
passwordmanager/cmd/client/ui/ui.go:477.16,479.3 1 1
passwordmanager/cmd/client/ui/ui.go:481.2,481.42 1 1
passwordmanager/cmd/client/ui/ui.go:483.31,488.49 2 1
passwordmanager/cmd/client/ui/ui.go:488.49,490.4 1 0
passwordmanager/cmd/client/ui/ui.go:491.3,491.75 1 1
passwordmanager/cmd/client/ui/ui.go:493.30,497.49 2 1
passwordmanager/cmd/client/ui/ui.go:497.49,499.4 1 1
passwordmanager/cmd/client/ui/ui.go:500.3,500.46 1 1
passwordmanager/cmd/client/ui/ui.go:502.34,510.49 2 1
passwordmanager/cmd/client/ui/ui.go:510.49,512.4 1 0
passwordmanager/cmd/client/ui/ui.go:513.3,516.9 1 1
passwordmanager/cmd/client/ui/ui.go:518.32,523.49 2 1
passwordmanager/cmd/client/ui/ui.go:523.49,525.4 1 0
passwordmanager/cmd/client/ui/ui.go:526.3,526.70 1 1
passwordmanager/cmd/client/ui/ui.go:528.10,529.26 1 0
passwordmanager/cmd/client/ui/ui.go:533.52,534.24 1 1
passwordmanager/cmd/client/ui/ui.go:534.24,536.17 2 1
passwordmanager/cmd/client/ui/ui.go:536.17,538.4 1 0
passwordmanager/cmd/client/ui/ui.go:540.3,544.49 2 1
passwordmanager/cmd/client/ui/ui.go:544.49,546.4 1 0
passwordmanager/cmd/client/ui/ui.go:548.3,549.20 2 1
passwordmanager/cmd/client/ui/ui.go:549.20,551.4 1 0
passwordmanager/cmd/client/ui/ui.go:553.3,553.62 1 1
passwordmanager/cmd/client/ui/ui.go:553.62,555.4 1 0
passwordmanager/cmd/client/ui/ui.go:557.3,558.17 2 1
passwordmanager/cmd/client/ui/ui.go:558.17,560.4 1 0
passwordmanager/cmd/client/ui/ui.go:562.3,562.39 1 1
passwordmanager/cmd/client/ui/ui.go:566.65,567.27 1 1
passwordmanager/cmd/client/ui/ui.go:569.23,570.23 1 1
passwordmanager/cmd/client/ui/ui.go:572.15,573.35 1 1
passwordmanager/cmd/client/ui/ui.go:573.35,575.5 1 1
passwordmanager/cmd/client/ui/ui.go:577.13,578.20 1 1
passwordmanager/cmd/client/ui/ui.go:578.20,580.5 1 1
passwordmanager/cmd/client/ui/ui.go:582.14,584.16 2 1
passwordmanager/cmd/client/ui/ui.go:586.16,590.23 4 1
passwordmanager/cmd/client/ui/ui.go:594.2,594.15 1 1
passwordmanager/cmd/client/ui/ui.go:597.67,601.27 3 0
passwordmanager/cmd/client/ui/ui.go:601.27,602.18 1 0
passwordmanager/cmd/client/ui/ui.go:602.18,604.9 2 0
passwordmanager/cmd/client/ui/ui.go:608.2,608.27 1 0
passwordmanager/cmd/client/ui/ui.go:610.23,611.23 1 0
passwordmanager/cmd/client/ui/ui.go:613.14,614.30 1 0
passwordmanager/cmd/client/ui/ui.go:616.14,619.33 3 0
passwordmanager/cmd/client/ui/ui.go:621.16,624.50 2 0
passwordmanager/cmd/client/ui/ui.go:624.50,626.5 1 0
passwordmanager/cmd/client/ui/ui.go:628.4,635.29 2 0
passwordmanager/cmd/client/ui/ui.go:635.29,638.5 2 0
passwordmanager/cmd/client/ui/ui.go:642.2,642.15 1 0
passwordmanager/cmd/client/ui/ui.go:645.60,646.27 1 1
passwordmanager/cmd/client/ui/ui.go:648.23,649.23 1 1
passwordmanager/cmd/client/ui/ui.go:651.15,652.33 1 1
passwordmanager/cmd/client/ui/ui.go:652.33,654.5 1 1
passwordmanager/cmd/client/ui/ui.go:656.13,657.20 1 1
passwordmanager/cmd/client/ui/ui.go:657.20,659.5 1 1
passwordmanager/cmd/client/ui/ui.go:661.16,662.20 1 1
passwordmanager/cmd/client/ui/ui.go:664.11,669.22 5 1
passwordmanager/cmd/client/ui/ui.go:671.11,676.22 5 1
passwordmanager/cmd/client/ui/ui.go:678.11,679.23 1 1
passwordmanager/cmd/client/ui/ui.go:684.2,684.15 1 1
passwordmanager/cmd/client/ui/ui.go:687.61,688.27 1 1
passwordmanager/cmd/client/ui/ui.go:690.23,691.23 1 1
passwordmanager/cmd/client/ui/ui.go:693.14,694.25 1 1
passwordmanager/cmd/client/ui/ui.go:696.16,697.20 1 0
passwordmanager/cmd/client/ui/ui.go:699.11,702.38 3 0
passwordmanager/cmd/client/ui/ui.go:704.11,707.18 3 0
passwordmanager/cmd/client/ui/ui.go:709.11,710.26 1 0
passwordmanager/cmd/client/ui/ui.go:713.15,714.20 1 1
passwordmanager/cmd/client/ui/ui.go:714.20,716.5 1 1
passwordmanager/cmd/client/ui/ui.go:718.13,719.20 1 0
passwordmanager/cmd/client/ui/ui.go:719.20,721.5 1 0
passwordmanager/cmd/client/ui/ui.go:725.2,725.15 1 1
passwordmanager/cmd/client/ui/ui.go:728.64,731.29 2 1
passwordmanager/cmd/client/ui/ui.go:731.29,733.3 1 0
passwordmanager/cmd/client/ui/ui.go:735.2,735.29 1 1
passwordmanager/cmd/client/ui/ui.go:735.29,737.3 1 0
passwordmanager/cmd/client/ui/ui.go:739.2,739.27 1 1
passwordmanager/cmd/client/ui/ui.go:741.23,742.23 1 1
passwordmanager/cmd/client/ui/ui.go:744.14,745.31 1 0
passwordmanager/cmd/client/ui/ui.go:745.31,748.5 2 0
passwordmanager/cmd/client/ui/ui.go:748.10,751.5 2 0
passwordmanager/cmd/client/ui/ui.go:753.14,754.25 1 1
passwordmanager/cmd/client/ui/ui.go:756.16,760.37 3 1
passwordmanager/cmd/client/ui/ui.go:760.37,764.5 3 1
passwordmanager/cmd/client/ui/ui.go:766.4,766.29 1 0
passwordmanager/cmd/client/ui/ui.go:766.29,769.5 2 0
passwordmanager/cmd/client/ui/ui.go:773.2,773.15 1 1
passwordmanager/cmd/client/ui/ui.go:776.61,779.26 2 1
passwordmanager/cmd/client/ui/ui.go:779.26,781.3 1 1
passwordmanager/cmd/client/ui/ui.go:783.2,783.26 1 1
passwordmanager/cmd/client/ui/ui.go:783.26,785.3 1 0
passwordmanager/cmd/client/ui/ui.go:787.2,787.27 1 1
passwordmanager/cmd/client/ui/ui.go:789.23,790.23 1 1
passwordmanager/cmd/client/ui/ui.go:792.14,793.28 1 0
passwordmanager/cmd/client/ui/ui.go:793.28,796.5 2 0
passwordmanager/cmd/client/ui/ui.go:796.10,799.5 2 0
passwordmanager/cmd/client/ui/ui.go:801.14,802.25 1 1
passwordmanager/cmd/client/ui/ui.go:804.16,805.29 1 1
passwordmanager/cmd/client/ui/ui.go:805.29,812.5 2 0
passwordmanager/cmd/client/ui/ui.go:816.2,816.15 1 1
passwordmanager/cmd/client/ui/ui.go:819.65,820.27 1 0
passwordmanager/cmd/client/ui/ui.go:822.26,823.21 1 0
passwordmanager/cmd/client/ui/ui.go:823.21,826.4 2 0
passwordmanager/cmd/client/ui/ui.go:828.3,831.36 4 0
passwordmanager/cmd/client/ui/ui.go:831.36,833.4 1 0
passwordmanager/cmd/client/ui/ui.go:835.3,835.16 1 0
passwordmanager/cmd/client/ui/ui.go:837.23,838.23 1 0
passwordmanager/cmd/client/ui/ui.go:840.14,844.16 4 0
passwordmanager/cmd/client/ui/ui.go:846.15,847.38 1 0
passwordmanager/cmd/client/ui/ui.go:847.38,849.5 1 0
passwordmanager/cmd/client/ui/ui.go:851.13,852.20 1 0
passwordmanager/cmd/client/ui/ui.go:852.20,854.5 1 0
passwordmanager/cmd/client/ui/ui.go:856.16,857.30 1 0
passwordmanager/cmd/client/ui/ui.go:857.30,859.5 1 0
passwordmanager/cmd/client/ui/ui.go:861.4,861.64 1 0
passwordmanager/cmd/client/ui/ui.go:863.12,864.30 1 0
passwordmanager/cmd/client/ui/ui.go:864.30,866.5 1 0
passwordmanager/cmd/client/ui/ui.go:868.4,869.53 2 0
passwordmanager/cmd/client/ui/ui.go:869.53,873.5 3 0
passwordmanager/cmd/client/ui/ui.go:875.4,875.37 1 0
passwordmanager/cmd/client/ui/ui.go:879.2,879.15 1 0
passwordmanager/cmd/client/ui/ui.go:882.67,883.27 1 0
passwordmanager/cmd/client/ui/ui.go:885.23,886.23 1 0
passwordmanager/cmd/client/ui/ui.go:888.14,892.22 4 0
passwordmanager/cmd/client/ui/ui.go:894.12,895.28 1 0
passwordmanager/cmd/client/ui/ui.go:895.28,897.5 1 0
passwordmanager/cmd/client/ui/ui.go:899.4,899.62 1 0
passwordmanager/cmd/client/ui/ui.go:899.62,903.5 3 0
passwordmanager/cmd/client/ui/ui.go:905.4,905.47 1 0
passwordmanager/cmd/client/ui/ui.go:909.2,909.15 1 0
passwordmanager/cmd/client/ui/ui.go:912.48,913.24 1 1
passwordmanager/cmd/client/ui/ui.go:913.24,916.3 2 0
passwordmanager/cmd/client/ui/ui.go:919.58,920.24 1 0
passwordmanager/cmd/client/ui/ui.go:920.24,923.3 2 0
passwordmanager/cmd/client/ui/ui.go:926.32,927.18 1 1
passwordmanager/cmd/client/ui/ui.go:929.18,930.21 1 1
passwordmanager/cmd/client/ui/ui.go:932.19,933.22 1 1
passwordmanager/cmd/client/ui/ui.go:935.22,936.25 1 1
passwordmanager/cmd/client/ui/ui.go:938.19,939.22 1 1
passwordmanager/cmd/client/ui/ui.go:941.23,942.26 1 1
passwordmanager/cmd/client/ui/ui.go:944.25,945.28 1 1
passwordmanager/cmd/client/ui/ui.go:947.23,948.26 1 1
passwordmanager/cmd/client/ui/ui.go:950.25,951.28 1 1
passwordmanager/cmd/client/ui/ui.go:954.2,954.24 1 0
passwordmanager/cmd/client/ui/ui.go:957.38,960.39 2 1
passwordmanager/cmd/client/ui/ui.go:960.39,962.20 2 1
passwordmanager/cmd/client/ui/ui.go:962.20,964.4 1 1
passwordmanager/cmd/client/ui/ui.go:966.3,966.45 1 1
passwordmanager/cmd/client/ui/ui.go:969.2,971.23 2 1
passwordmanager/cmd/client/ui/ui.go:974.40,980.27 4 1
passwordmanager/cmd/client/ui/ui.go:980.27,984.3 3 1
passwordmanager/cmd/client/ui/ui.go:986.2,990.24 4 1
passwordmanager/cmd/client/ui/ui.go:990.24,992.3 1 0
passwordmanager/cmd/client/ui/ui.go:994.2,994.23 1 1
passwordmanager/cmd/client/ui/ui.go:997.33,1000.31 2 1
passwordmanager/cmd/client/ui/ui.go:1000.31,1002.20 2 1
passwordmanager/cmd/client/ui/ui.go:1002.20,1004.4 1 1
passwordmanager/cmd/client/ui/ui.go:1006.3,1006.44 1 1
passwordmanager/cmd/client/ui/ui.go:1009.2,1011.23 2 1
passwordmanager/cmd/client/ui/ui.go:1014.34,1028.24 10 1
passwordmanager/cmd/client/ui/ui.go:1028.24,1030.3 1 0
passwordmanager/cmd/client/ui/ui.go:1032.2,1032.24 1 1
passwordmanager/cmd/client/ui/ui.go:1032.24,1034.3 1 0
passwordmanager/cmd/client/ui/ui.go:1036.2,1036.23 1 1
passwordmanager/cmd/client/ui/ui.go:1039.37,1053.27 10 1
passwordmanager/cmd/client/ui/ui.go:1053.27,1055.3 1 0
passwordmanager/cmd/client/ui/ui.go:1057.2,1057.23 1 1
passwordmanager/cmd/client/ui/ui.go:1060.34,1069.29 3 1
passwordmanager/cmd/client/ui/ui.go:1069.29,1071.20 2 1
passwordmanager/cmd/client/ui/ui.go:1071.20,1073.4 1 1
passwordmanager/cmd/client/ui/ui.go:1075.3,1075.44 1 1
passwordmanager/cmd/client/ui/ui.go:1078.2,1078.24 1 1
passwordmanager/cmd/client/ui/ui.go:1078.24,1080.3 1 0
passwordmanager/cmd/client/ui/ui.go:1082.2,1084.23 2 1
passwordmanager/cmd/client/ui/ui.go:1087.40,1088.26 1 1
passwordmanager/cmd/client/ui/ui.go:1088.26,1090.3 1 1
passwordmanager/cmd/client/ui/ui.go:1092.2,1099.71 6 1
passwordmanager/cmd/client/ui/ui.go:1099.71,1101.3 1 0
passwordmanager/cmd/client/ui/ui.go:1101.8,1103.3 1 1
passwordmanager/cmd/client/ui/ui.go:1105.2,1107.25 2 1
passwordmanager/cmd/client/ui/ui.go:1107.25,1109.3 1 0
passwordmanager/cmd/client/ui/ui.go:1111.2,1111.24 1 1
passwordmanager/cmd/client/ui/ui.go:1111.24,1113.3 1 0
passwordmanager/cmd/client/ui/ui.go:1115.2,1116.51 2 1
passwordmanager/cmd/client/ui/ui.go:1116.51,1118.3 1 0
passwordmanager/cmd/client/ui/ui.go:1120.2,1120.23 1 1
passwordmanager/cmd/client/ui/ui.go:1123.38,1126.28 2 1
passwordmanager/cmd/client/ui/ui.go:1126.28,1128.3 1 1
passwordmanager/cmd/client/ui/ui.go:1128.8,1129.37 1 1
passwordmanager/cmd/client/ui/ui.go:1129.37,1131.21 2 1
passwordmanager/cmd/client/ui/ui.go:1131.21,1133.5 1 1
passwordmanager/cmd/client/ui/ui.go:1135.4,1142.5 1 1
passwordmanager/cmd/client/ui/ui.go:1145.3,1147.42 3 1
passwordmanager/cmd/client/ui/ui.go:1150.2,1150.25 1 1
passwordmanager/cmd/client/ui/ui.go:1150.25,1152.3 1 0
passwordmanager/cmd/client/ui/ui.go:1154.2,1154.24 1 1
passwordmanager/cmd/client/ui/ui.go:1154.24,1156.3 1 0
passwordmanager/cmd/client/ui/ui.go:1158.2,1160.23 2 1
passwordmanager/cmd/client/api/client.go:14.40,25.2 1 0
passwordmanager/cmd/client/api/vault.go:33.54,46.16 3 1
passwordmanager/cmd/client/api/vault.go:46.16,48.3 1 0
passwordmanager/cmd/client/api/vault.go:50.2,57.16 3 1
passwordmanager/cmd/client/api/vault.go:57.16,59.3 1 0
passwordmanager/cmd/client/api/vault.go:61.2,67.16 4 1
passwordmanager/cmd/client/api/vault.go:67.16,69.3 1 1
passwordmanager/cmd/client/api/vault.go:71.2,73.12 2 1
passwordmanager/cmd/client/api/vault.go:76.57,89.16 3 1
passwordmanager/cmd/client/api/vault.go:89.16,91.3 1 0
passwordmanager/cmd/client/api/vault.go:93.2,100.16 3 1
passwordmanager/cmd/client/api/vault.go:100.16,102.3 1 1
passwordmanager/cmd/client/api/vault.go:104.2,106.43 2 1
passwordmanager/cmd/client/api/vault.go:106.43,109.3 2 1
passwordmanager/cmd/client/api/vault.go:111.2,111.12 1 1
passwordmanager/cmd/client/api/vault.go:114.54,135.16 6 1
passwordmanager/cmd/client/api/vault.go:135.16,137.3 1 0
passwordmanager/cmd/client/api/vault.go:139.2,141.12 2 1
passwordmanager/cmd/client/api/vault.go:153.51,160.16 2 1
passwordmanager/cmd/client/api/vault.go:160.16,162.3 1 0
passwordmanager/cmd/client/api/vault.go:164.2,170.16 3 1
passwordmanager/cmd/client/api/vault.go:170.16,172.3 1 0
passwordmanager/cmd/client/api/vault.go:174.2,176.38 2 1
passwordmanager/cmd/client/api/vault.go:176.38,181.3 1 1
passwordmanager/cmd/client/api/vault.go:183.2,187.19 3 1
passwordmanager/cmd/client/api/vault.go:190.60,197.16 2 1
passwordmanager/cmd/client/api/vault.go:197.16,199.3 1 0
passwordmanager/cmd/client/api/vault.go:201.2,207.16 3 1
passwordmanager/cmd/client/api/vault.go:207.16,209.3 1 0
passwordmanager/cmd/client/api/vault.go:211.2,213.38 2 1
passwordmanager/cmd/client/api/vault.go:213.38,218.3 1 1
passwordmanager/cmd/client/api/vault.go:220.2,224.18 3 1
passwordmanager/internal/config/config.go:22.30,37.2 2 1
passwordmanager/internal/config/config.go:39.45,48.2 1 1
passwordmanager/internal/handler/auth.go:25.76,29.2 1 1
passwordmanager/internal/handler/auth.go:31.48,32.38 1 0
passwordmanager/internal/handler/auth.go:32.38,35.3 2 0
passwordmanager/internal/handler/auth.go:38.69,42.16 3 1
passwordmanager/internal/handler/auth.go:42.16,45.3 2 1
passwordmanager/internal/handler/auth.go:47.2,48.16 2 1
passwordmanager/internal/handler/auth.go:48.16,51.3 2 1
passwordmanager/internal/handler/auth.go:53.2,57.4 2 1
passwordmanager/internal/handler/auth.go:61.72,65.16 3 1
passwordmanager/internal/handler/auth.go:65.16,68.3 2 1
passwordmanager/internal/handler/auth.go:70.2,72.16 2 1
passwordmanager/internal/handler/auth.go:72.16,75.3 2 1
passwordmanager/internal/handler/auth.go:77.2,77.35 1 1
passwordmanager/internal/handler/handler.go:17.55,22.2 1 0
passwordmanager/internal/handler/handler.go:24.44,27.2 2 0
passwordmanager/internal/handler/vault.go:22.60,27.2 1 1
passwordmanager/internal/handler/vault.go:29.49,30.29 1 0
passwordmanager/internal/handler/vault.go:30.29,33.40 2 0
passwordmanager/internal/handler/vault.go:33.40,37.4 3 0
passwordmanager/internal/handler/vault.go:41.71,45.16 3 1
passwordmanager/internal/handler/vault.go:45.16,48.3 2 0
passwordmanager/internal/handler/vault.go:50.2,52.9 2 1
passwordmanager/internal/handler/vault.go:52.9,55.3 2 0
passwordmanager/internal/handler/vault.go:57.2,66.16 3 1
passwordmanager/internal/handler/vault.go:66.16,69.3 2 0
passwordmanager/internal/handler/vault.go:71.2,73.31 3 1
passwordmanager/internal/handler/vault.go:76.68,80.16 3 1
passwordmanager/internal/handler/vault.go:80.16,83.3 2 1
passwordmanager/internal/handler/vault.go:85.2,87.9 2 1
passwordmanager/internal/handler/vault.go:87.9,90.3 2 0
passwordmanager/internal/handler/vault.go:92.2,94.16 2 1
passwordmanager/internal/handler/vault.go:94.16,97.3 2 1
passwordmanager/internal/handler/vault.go:99.2,101.34 3 1
passwordmanager/internal/handler/vault.go:104.69,107.9 2 1
passwordmanager/internal/handler/vault.go:107.9,110.3 2 0
passwordmanager/internal/handler/vault.go:112.2,114.16 2 1
passwordmanager/internal/handler/vault.go:114.16,117.3 2 1
passwordmanager/internal/handler/vault.go:119.2,121.35 3 1
passwordmanager/internal/handler/middlewares/jwt.go:13.81,14.46 1 1
passwordmanager/internal/handler/middlewares/jwt.go:14.46,15.72 1 1
passwordmanager/internal/handler/middlewares/jwt.go:15.72,18.20 2 1
passwordmanager/internal/handler/middlewares/jwt.go:18.20,21.5 2 1
passwordmanager/internal/handler/middlewares/jwt.go:23.4,23.45 1 1
passwordmanager/internal/handler/middlewares/jwt.go:23.45,26.5 2 1
passwordmanager/internal/handler/middlewares/jwt.go:28.4,31.18 3 1
passwordmanager/internal/handler/middlewares/jwt.go:31.18,34.5 2 1
passwordmanager/internal/handler/middlewares/jwt.go:36.4,37.18 2 1
passwordmanager/internal/handler/middlewares/jwt.go:37.18,40.5 2 1
passwordmanager/internal/handler/middlewares/jwt.go:42.4,47.41 2 1
passwordmanager/internal/handler/middlewares/jwt.go:52.59,55.2 2 1
passwordmanager/cmd/migrator/main.go:14.13,18.16 3 0
passwordmanager/cmd/migrator/main.go:18.16,21.3 2 0
passwordmanager/cmd/migrator/main.go:23.2,29.16 2 0
passwordmanager/cmd/migrator/main.go:29.16,31.3 1 0
passwordmanager/cmd/migrator/main.go:32.2,34.34 2 0
passwordmanager/cmd/migrator/main.go:34.34,36.3 1 0
passwordmanager/cmd/migrator/main.go:38.2,38.53 1 0
passwordmanager/cmd/migrator/main.go:38.53,40.3 1 0
passwordmanager/cmd/migrator/main.go:42.2,42.51 1 0
passwordmanager/cmd/migrator/main.go:42.51,44.3 1 0
passwordmanager/cmd/migrator/main.go:46.2,46.35 1 0
passwordmanager/cmd/client/main.go:19.13,27.18 7 0
passwordmanager/cmd/client/main.go:27.18,30.3 2 0
passwordmanager/cmd/client/main.go:32.2,36.35 3 0
passwordmanager/cmd/client/main.go:36.35,39.3 2 0
passwordmanager/cmd/server/main.go:21.13,32.16 4 0
passwordmanager/cmd/server/main.go:32.16,35.3 2 0
passwordmanager/cmd/server/main.go:37.2,38.16 2 0
passwordmanager/cmd/server/main.go:38.16,41.3 2 0
passwordmanager/cmd/server/main.go:43.2,59.65 9 0
passwordmanager/internal/repository/auth.go:13.66,17.2 1 0
passwordmanager/internal/repository/auth.go:25.9,36.2 2 0
passwordmanager/internal/repository/auth.go:41.18,57.16 3 0
passwordmanager/internal/repository/auth.go:57.16,59.3 1 0
passwordmanager/internal/repository/auth.go:61.2,61.18 1 0
passwordmanager/internal/repository/postgres.go:13.64,15.16 2 0
passwordmanager/internal/repository/postgres.go:15.16,17.3 1 0
passwordmanager/internal/repository/postgres.go:19.2,19.39 1 0
passwordmanager/internal/repository/postgres.go:19.39,22.3 2 0
passwordmanager/internal/repository/postgres.go:24.2,26.8 1 0
passwordmanager/internal/repository/postgres.go:29.30,31.2 1 0
passwordmanager/internal/repository/vault.go:14.68,18.2 1 0
passwordmanager/internal/repository/vault.go:22.92,42.16 3 0
passwordmanager/internal/repository/vault.go:42.16,44.3 1 0
passwordmanager/internal/repository/vault.go:46.2,46.16 1 0
passwordmanager/internal/repository/vault.go:49.100,78.16 3 0
passwordmanager/internal/repository/vault.go:78.16,80.3 1 0
passwordmanager/internal/repository/vault.go:82.2,82.18 1 0
passwordmanager/internal/repository/vault.go:85.94,101.16 2 0
passwordmanager/internal/repository/vault.go:101.16,103.3 1 0
passwordmanager/internal/repository/vault.go:104.2,108.18 3 0
passwordmanager/internal/repository/vault.go:108.18,120.17 3 0
passwordmanager/internal/repository/vault.go:120.17,122.4 1 0
passwordmanager/internal/repository/vault.go:124.3,124.30 1 0
passwordmanager/internal/repository/vault.go:127.2,127.26 1 0
passwordmanager/internal/repository/vault.go:130.111,131.35 1 0
passwordmanager/internal/repository/vault.go:131.35,147.17 2 0
passwordmanager/internal/repository/vault.go:147.17,149.4 1 0
passwordmanager/internal/repository/vault.go:152.2,152.12 1 0
passwordmanager/internal/repository/vault.go:155.101,165.16 2 0
passwordmanager/internal/repository/vault.go:165.16,167.3 1 0
passwordmanager/internal/repository/vault.go:168.2,172.18 3 0
passwordmanager/internal/repository/vault.go:172.18,176.49 3 0
passwordmanager/internal/repository/vault.go:176.49,178.4 1 0
passwordmanager/internal/repository/vault.go:180.3,180.24 1 0
passwordmanager/internal/repository/vault.go:183.2,183.35 1 0
passwordmanager/internal/repository/vault.go:183.35,185.3 1 0
passwordmanager/internal/repository/vault.go:187.2,187.22 1 0
passwordmanager/internal/repository/migrator/postgres.go:16.20,28.16 3 0
passwordmanager/internal/repository/migrator/postgres.go:28.16,30.3 1 0
passwordmanager/internal/repository/migrator/postgres.go:32.2,32.34 1 0
passwordmanager/internal/repository/migrator/postgres.go:32.34,35.3 2 0
passwordmanager/internal/repository/migrator/postgres.go:37.2,37.16 1 0
passwordmanager/internal/service/auth.go:23.24,29.2 1 1
passwordmanager/internal/service/auth.go:31.90,33.16 2 1
passwordmanager/internal/service/auth.go:33.16,36.3 2 0
passwordmanager/internal/service/auth.go:37.2,38.16 2 1
passwordmanager/internal/service/auth.go:38.16,41.3 2 0
passwordmanager/internal/service/auth.go:42.2,42.12 1 1
passwordmanager/internal/service/auth.go:45.97,47.16 2 1
passwordmanager/internal/service/auth.go:47.16,50.3 2 1
passwordmanager/internal/service/auth.go:51.2,55.16 2 1
passwordmanager/internal/service/auth.go:55.16,58.3 2 1
passwordmanager/internal/service/auth.go:59.2,60.16 2 1
passwordmanager/internal/service/auth.go:60.16,63.3 2 0
passwordmanager/internal/service/auth.go:64.2,64.17 1 1
passwordmanager/internal/service/jwt.go:15.59,19.2 1 1
passwordmanager/internal/service/jwt.go:26.77,37.2 3 1
passwordmanager/internal/service/jwt.go:39.67,45.35 2 1
passwordmanager/internal/service/jwt.go:45.35,46.55 1 1
passwordmanager/internal/service/jwt.go:46.55,48.5 1 0
passwordmanager/internal/service/jwt.go:50.4,50.24 1 1
passwordmanager/internal/service/jwt.go:54.2,54.16 1 1
passwordmanager/internal/service/jwt.go:54.16,56.3 1 1
passwordmanager/internal/service/jwt.go:58.2,58.18 1 1
passwordmanager/internal/service/jwt.go:58.18,60.3 1 0
passwordmanager/internal/service/jwt.go:62.2,62.20 1 1
passwordmanager/internal/service/vault.go:28.25,33.2 1 1
passwordmanager/internal/service/vault.go:57.100,58.19 1 1
passwordmanager/internal/service/vault.go:59.23,62.17 3 1
passwordmanager/internal/service/vault.go:62.17,64.4 1 0
passwordmanager/internal/service/vault.go:66.3,66.41 1 1
passwordmanager/internal/service/vault.go:66.41,68.4 1 0
passwordmanager/internal/service/vault.go:70.26,73.17 3 0
passwordmanager/internal/service/vault.go:73.17,75.4 1 0
passwordmanager/internal/service/vault.go:77.3,77.41 1 0
passwordmanager/internal/service/vault.go:77.41,79.4 1 0
passwordmanager/internal/service/vault.go:81.22,84.17 3 0
passwordmanager/internal/service/vault.go:84.17,86.4 1 0
passwordmanager/internal/service/vault.go:88.3,88.41 1 0
passwordmanager/internal/service/vault.go:88.41,90.4 1 0
passwordmanager/internal/service/vault.go:91.24,95.17 3 0
passwordmanager/internal/service/vault.go:95.17,97.4 1 0
passwordmanager/internal/service/vault.go:99.3,99.41 1 0
passwordmanager/internal/service/vault.go:99.41,101.4 1 0
passwordmanager/internal/service/vault.go:103.10,104.50 1 0
passwordmanager/internal/service/vault.go:107.2,116.16 3 1
passwordmanager/internal/service/vault.go:116.16,118.3 1 0
passwordmanager/internal/service/vault.go:120.2,122.23 2 1
passwordmanager/internal/service/vault.go:125.47,126.41 1 1
passwordmanager/internal/service/vault.go:126.41,128.3 1 0
passwordmanager/internal/service/vault.go:129.2,129.12 1 1
passwordmanager/internal/service/vault.go:132.42,133.89 1 1
passwordmanager/internal/service/vault.go:133.89,135.3 1 1
passwordmanager/internal/service/vault.go:136.2,136.12 1 1
passwordmanager/internal/service/vault.go:139.38,140.19 1 1
passwordmanager/internal/service/vault.go:140.19,142.3 1 1
passwordmanager/internal/service/vault.go:143.2,143.12 1 1
passwordmanager/internal/service/vault.go:146.38,147.40 1 1
passwordmanager/internal/service/vault.go:147.40,149.3 1 1
passwordmanager/internal/service/vault.go:150.2,150.12 1 1
passwordmanager/internal/service/vault.go:153.102,155.16 2 1
passwordmanager/internal/service/vault.go:155.16,157.3 1 0
passwordmanager/internal/service/vault.go:159.2,160.16 2 1
passwordmanager/internal/service/vault.go:160.16,162.3 1 0
passwordmanager/internal/service/vault.go:164.2,174.20 2 1
passwordmanager/internal/service/vault.go:177.97,179.16 2 0
passwordmanager/internal/service/vault.go:179.16,181.3 1 0
passwordmanager/internal/service/vault.go:183.2,185.31 2 0
passwordmanager/internal/service/vault.go:185.31,187.17 2 0
passwordmanager/internal/service/vault.go:187.17,189.4 1 0
passwordmanager/internal/service/vault.go:190.3,198.5 1 0
passwordmanager/internal/service/vault.go:201.2,201.20 1 0
